
bla: bla
key: value
other: value
last: old value
